// Jest Snapshot v1, https://goo.gl/fbAQLP

exports[`RegisterUser should match with snapshot 1`] = `
<div>
  <form><label for="name">Name: </label> <input id="name" name="name" type="text"> <label for="email">Email: </label> <input id="email" name="email" type="text"> <label for="password">Password: </label> <input id="password" name="password" type="password"> <button name="button">
      Register
    </button></form>
</div>
`;
